........................................................................ [  8%]
........................................................................ [ 17%]
........................................................................ [ 26%]
........................................................................ [ 35%]
........................................................................ [ 44%]
........................................................................ [ 53%]
........................................................................ [ 62%]
........................................................................ [ 71%]
........................................................................ [ 80%]
........................................................................ [ 89%]
........................................................................ [ 98%]
...........                                                              [100%]
=============================== warnings summary ===============================
backend/tests/test_expertise_account_routing.py::test_routing_deduplicates_accounts_and_excludes_all_asker_profiles
  /home/mds/.venv/lib/python3.12/site-packages/fastapi/testclient.py:1: StarletteDeprecationWarning: Using `httpx` with `starlette.testclient` is deprecated; install `httpx2` instead.
    from starlette.testclient import TestClient as TestClient  # noqa

backend/tests/test_expertise_account_routing.py::test_routing_deduplicates_accounts_and_excludes_all_asker_profiles
  /home/mds/.venv/lib/python3.12/site-packages/starlette/testclient.py:53: DeprecationWarning: The anyio.abc.BlockingPortal alias is deprecated, use anyio.from_thread.BlockingPortal instead.
    _PortalFactoryType = Callable[[], AbstractContextManager[anyio.abc.BlockingPortal]]

-- Docs: https://docs.pytest.org/en/stable/how-to/capture-warnings.html
803 passed, 2 warnings in 635.95s (0:10:35)
